// Jest Snapshot v1, https://goo.gl/fbAQLP

exports[`logout view should render without crashing 1`] = `ShallowWrapper {}`;
